2025-07-22T12:17:01.134358-03:00 linux-lab02 CRON[2658]: (root) CMD (cd / && run-parts --report /etc/cron.hourly)
2025-07-22T13:17:01.191943-03:00 linux-lab02 CRON[3081]: (root) CMD (cd / && run-parts --report /etc/cron.hourly)
2025-07-22T14:17:01.248407-03:00 linux-lab02 CRON[3498]: (root) CMD (cd / && run-parts --report /etc/cron.hourly)
2025-07-22T15:17:01.304992-03:00 linux-lab02 CRON[3916]: (root) CMD (cd / && run-parts --report /etc/cron.hourly)
2025-07-22T16:17:01.376491-03:00 linux-lab02 CRON[4445]: (root) CMD (cd / && run-parts --report /etc/cron.hourly)
2025-07-22T17:17:01.457640-03:00 linux-lab02 CRON[4896]: (root) CMD (cd / && run-parts --report /etc/cron.hourly)
2025-07-22T18:17:01.509845-03:00 linux-lab02 CRON[5366]: (root) CMD (cd / && run-parts --report /etc/cron.hourly)
2025-07-22T19:17:01.578384-03:00 linux-lab02 CRON[6013]: (root) CMD (cd / && run-parts --report /etc/cron.hourly)
2025-07-23T22:36:38.809808-03:00 linux-lab02 cron[542]: (CRON) INFO (pidfile fd = 3)
2025-07-23T22:36:38.809813-03:00 linux-lab02 cron[542]: (CRON) INFO (Running @reboot jobs)
2025-07-23T22:37:09.129373-03:00 linux-lab02 systemd-timesyncd[447]: Contacted time server 200.160.7.197:123 (2.debian.pool.ntp.org).
2025-07-23T22:37:09.129571-03:00 linux-lab02 systemd-timesyncd[447]: Initial clock synchronization to Wed 2025-07-23 22:37:09.070078 -03.
2025-07-24T09:51:59.357585-03:00 linux-lab02 cron[547]: (CRON) INFO (pidfile fd = 3)
2025-07-24T09:51:59.357614-03:00 linux-lab02 cron[547]: (CRON) INFO (Running @reboot jobs)
2025-07-24T09:52:29.495376-03:00 linux-lab02 systemd-timesyncd[476]: Contacted time server 162.159.200.123:123 (2.debian.pool.ntp.org).
2025-07-24T09:52:29.497559-03:00 linux-lab02 systemd-timesyncd[476]: Initial clock synchronization to Thu 2025-07-24 09:52:29.371797 -03.
2025-07-24T10:09:01.302930-03:00 linux-lab02 CRON[1717]: (root) CMD (  [ -x /usr/lib/php/sessionclean ] && if [ ! -d /run/systemd/system ]; then /usr/lib/php/sessionclean; fi)
2025-07-24T10:17:01.327553-03:00 linux-lab02 CRON[1805]: (root) CMD (cd / && run-parts --report /etc/cron.hourly)
2025-07-24T10:39:01.410889-03:00 linux-lab02 CRON[2356]: (root) CMD (  [ -x /usr/lib/php/sessionclean ] && if [ ! -d /run/systemd/system ]; then /usr/lib/php/sessionclean; fi)
2025-07-24T11:09:01.469220-03:00 linux-lab02 CRON[2755]: (root) CMD (  [ -x /usr/lib/php/sessionclean ] && if [ ! -d /run/systemd/system ]; then /usr/lib/php/sessionclean; fi)
2025-07-24T11:17:01.490575-03:00 linux-lab02 CRON[2847]: (root) CMD (cd / && run-parts --report /etc/cron.hourly)
2025-07-24T11:31:03.338040-03:00 linux-lab02 cron[581]: (CRON) INFO (pidfile fd = 3)
2025-07-24T11:31:03.338078-03:00 linux-lab02 cron[581]: (CRON) INFO (Running @reboot jobs)
2025-07-24T11:31:33.759403-03:00 linux-lab02 systemd-timesyncd[485]: Contacted time server 168.181.126.28:123 (2.debian.pool.ntp.org).
2025-07-24T11:31:33.763109-03:00 linux-lab02 systemd-timesyncd[485]: Initial clock synchronization to Thu 2025-07-24 11:31:33.655716 -03.
2025-07-24T11:37:05.733718-03:00 linux-lab02 cron[521]: (CRON) INFO (pidfile fd = 3)
2025-07-24T11:37:05.733761-03:00 linux-lab02 cron[521]: (CRON) INFO (Running @reboot jobs)
2025-07-24T11:37:35.721153-03:00 linux-lab02 systemd-timesyncd[449]: Contacted time server 162.159.200.123:123 (2.debian.pool.ntp.org).
2025-07-24T11:37:35.722333-03:00 linux-lab02 systemd-timesyncd[449]: Initial clock synchronization to Thu 2025-07-24 11:37:35.966542 -03.
2025-07-24T11:39:01.643286-03:00 linux-lab02 CRON[1525]: (root) CMD (  [ -x /usr/lib/php/sessionclean ] && if [ ! -d /run/systemd/system ]; then /usr/lib/php/sessionclean; fi)
2025-07-24T12:09:01.710350-03:00 linux-lab02 CRON[1894]: (root) CMD (  [ -x /usr/lib/php/sessionclean ] && if [ ! -d /run/systemd/system ]; then /usr/lib/php/sessionclean; fi)
2025-07-24T12:17:01.726375-03:00 linux-lab02 CRON[1986]: (root) CMD (cd / && run-parts --report /etc/cron.hourly)
2025-07-24T12:39:01.773817-03:00 linux-lab02 CRON[2330]: (root) CMD (  [ -x /usr/lib/php/sessionclean ] && if [ ! -d /run/systemd/system ]; then /usr/lib/php/sessionclean; fi)
2025-07-24T13:09:01.819776-03:00 linux-lab02 CRON[2667]: (root) CMD (  [ -x /usr/lib/php/sessionclean ] && if [ ! -d /run/systemd/system ]; then /usr/lib/php/sessionclean; fi)
2025-07-24T13:17:01.883718-03:00 linux-lab02 CRON[2757]: (root) CMD (cd / && run-parts --report /etc/cron.hourly)
2025-07-24T13:39:01.919730-03:00 linux-lab02 CRON[3113]: (root) CMD (  [ -x /usr/lib/php/sessionclean ] && if [ ! -d /run/systemd/system ]; then /usr/lib/php/sessionclean; fi)
2025-07-24T14:09:01.944641-03:00 linux-lab02 CRON[3505]: (root) CMD (  [ -x /usr/lib/php/sessionclean ] && if [ ! -d /run/systemd/system ]; then /usr/lib/php/sessionclean; fi)
2025-07-24T14:17:01.958845-03:00 linux-lab02 CRON[3645]: (root) CMD (cd / && run-parts --report /etc/cron.hourly)
2025-07-24T14:39:01.996086-03:00 linux-lab02 CRON[26827]: (root) CMD (  [ -x /usr/lib/php/sessionclean ] && if [ ! -d /run/systemd/system ]; then /usr/lib/php/sessionclean; fi)
2025-07-24T15:09:01.070494-03:00 linux-lab02 CRON[27734]: (root) CMD (  [ -x /usr/lib/php/sessionclean ] && if [ ! -d /run/systemd/system ]; then /usr/lib/php/sessionclean; fi)
2025-07-24T15:17:01.108588-03:00 linux-lab02 CRON[27832]: (root) CMD (cd / && run-parts --report /etc/cron.hourly)
2025-07-24T15:39:01.171086-03:00 linux-lab02 CRON[28070]: (root) CMD (  [ -x /usr/lib/php/sessionclean ] && if [ ! -d /run/systemd/system ]; then /usr/lib/php/sessionclean; fi)
2025-07-24T16:09:01.209637-03:00 linux-lab02 CRON[28741]: (root) CMD (  [ -x /usr/lib/php/sessionclean ] && if [ ! -d /run/systemd/system ]; then /usr/lib/php/sessionclean; fi)
2025-07-24T16:17:01.222146-03:00 linux-lab02 CRON[28872]: (root) CMD (cd / && run-parts --report /etc/cron.hourly)
2025-07-24T16:39:01.278630-03:00 linux-lab02 CRON[29082]: (root) CMD (  [ -x /usr/lib/php/sessionclean ] && if [ ! -d /run/systemd/system ]; then /usr/lib/php/sessionclean; fi)
2025-07-24T17:09:01.318797-03:00 linux-lab02 CRON[29394]: (root) CMD (  [ -x /usr/lib/php/sessionclean ] && if [ ! -d /run/systemd/system ]; then /usr/lib/php/sessionclean; fi)
2025-07-24T17:17:01.330006-03:00 linux-lab02 CRON[29509]: (root) CMD (cd / && run-parts --report /etc/cron.hourly)
2025-07-24T17:39:01.377884-03:00 linux-lab02 CRON[29859]: (root) CMD (  [ -x /usr/lib/php/sessionclean ] && if [ ! -d /run/systemd/system ]; then /usr/lib/php/sessionclean; fi)
2025-07-24T17:40:12.638106-03:00 linux-lab02 crontab[29940]: (root) LIST (root)
