[2025-07-23T12:30:43.262Z] [ message] [vmsvc] [425] VMware Tools Version: 12.2.0.41219 (build-21223074)
[2025-07-23T12:30:43.264Z] [ message] [vmsvc] [425] Guest OS details: architecture='X86' bitness='64' distroAddlVersion='12 (bookworm)' distroName='Debian GNU/Linux' distroVersion='12' familyName='Linux' kernelVersion='6.1.0-37-amd64' prettyName='Debian GNU/Linux 12 (bookworm)'
[2025-07-23T12:30:43.262Z] [ message] [vmsvc] [425] Log caching is enabled with maxCacheEntries=4096.
[2025-07-23T12:30:43.264Z] [ message] [vmsvc] [425] Core dump limit set to -1
[2025-07-23T12:30:43.489Z] [ message] [vmtoolsd] [425] Plugin 'hgfsServer' initialized.
[2025-07-23T12:30:43.489Z] [ message] [vix] [425] QueryVGAuthConfig: vgauth usage is: 1
[2025-07-23T12:30:43.489Z] [ message] [vmtoolsd] [425] Plugin 'vix' initialized.
[2025-07-23T12:30:43.489Z] [ message] [vmtoolsd] [425] Plugin 'appInfo' initialized.
[2025-07-23T12:30:43.489Z] [ message] [vmtoolsd] [425] Plugin 'componentMgr' initialized.
[2025-07-23T12:30:43.489Z] [ message] [vmtoolsd] [425] Plugin 'guestInfo' initialized.
[2025-07-23T12:30:43.489Z] [ message] [vmtoolsd] [425] Plugin 'powerops' initialized.
[2025-07-23T12:30:43.489Z] [ message] [resolutionCommon] [425] resolutionCheckForKMS: dlopen succeeded.
[2025-07-23T12:30:43.669Z] [ warning] [resolutionCommon] [425] resolutionCheckForKMS: No system support for resolutionKMS.
[2025-07-23T12:30:43.669Z] [ message] [vmtoolsd] [425] Plugin 'timeSync' initialized.
[2025-07-23T12:30:43.669Z] [ message] [vmtoolsd] [425] Plugin 'vmbackup' initialized.
[2025-07-23T12:30:43.671Z] [ message] [vix] [425] VixTools_ProcessVixCommand: command 62
[2025-07-23T12:30:43.701Z] [ message] [vix] [425] VixTools_ProcessVixCommand: command 62
[2025-07-23T12:30:43.702Z] [ message] [vix] [425] ToolsDaemonTcloReceiveVixCommand: command 62, additionalError = 17
[2025-07-23T12:30:43.709Z] [ message] [vmsvc] [425] Executing script for state change 'OS_PowerOn'.
[2025-07-23T12:30:43.709Z] [ message] [powerops] [425] Executing script: '/etc/vmware-tools/poweron-vm-default'
[2025-07-23T12:30:44.125Z] [ message] [vmsvc] [425] Script exit code: 0, success = 1
