[2025-07-21T22:23:48.414Z] [ message] [vmsvc] [427] VMware Tools Version: 12.2.0.41219 (build-21223074)
[2025-07-21T22:23:48.416Z] [ message] [vmsvc] [427] Guest OS details: architecture='X86' bitness='64' distroAddlVersion='12 (bookworm)' distroName='Debian GNU/Linux' distroVersion='12' familyName='Linux' kernelVersion='6.1.0-37-amd64' prettyName='Debian GNU/Linux 12 (bookworm)'
[2025-07-21T22:23:48.414Z] [ message] [vmsvc] [427] Log caching is enabled with maxCacheEntries=4096.
[2025-07-21T22:23:48.416Z] [ message] [vmsvc] [427] Core dump limit set to -1
[2025-07-21T22:23:48.627Z] [ message] [vmtoolsd] [427] Plugin 'hgfsServer' initialized.
[2025-07-21T22:23:48.627Z] [ message] [vix] [427] QueryVGAuthConfig: vgauth usage is: 1
[2025-07-21T22:23:48.627Z] [ message] [vmtoolsd] [427] Plugin 'vix' initialized.
[2025-07-21T22:23:48.627Z] [ message] [vmtoolsd] [427] Plugin 'appInfo' initialized.
[2025-07-21T22:23:48.627Z] [ message] [vmtoolsd] [427] Plugin 'componentMgr' initialized.
[2025-07-21T22:23:48.627Z] [ message] [vmtoolsd] [427] Plugin 'guestInfo' initialized.
[2025-07-21T22:23:48.627Z] [ message] [vmtoolsd] [427] Plugin 'powerops' initialized.
[2025-07-21T22:23:48.627Z] [ message] [resolutionCommon] [427] resolutionCheckForKMS: dlopen succeeded.
[2025-07-21T22:23:48.786Z] [ warning] [resolutionCommon] [427] resolutionCheckForKMS: No system support for resolutionKMS.
[2025-07-21T22:23:48.786Z] [ message] [vmtoolsd] [427] Plugin 'timeSync' initialized.
[2025-07-21T22:23:48.786Z] [ message] [vmtoolsd] [427] Plugin 'vmbackup' initialized.
[2025-07-21T22:23:48.788Z] [ message] [vix] [427] VixTools_ProcessVixCommand: command 62
[2025-07-21T22:23:48.814Z] [ message] [vix] [427] VixTools_ProcessVixCommand: command 62
[2025-07-21T22:23:48.814Z] [ message] [vix] [427] ToolsDaemonTcloReceiveVixCommand: command 62, additionalError = 17
[2025-07-21T22:23:48.818Z] [ message] [vmsvc] [427] Executing script for state change 'OS_PowerOn'.
[2025-07-21T22:23:48.818Z] [ message] [powerops] [427] Executing script: '/etc/vmware-tools/poweron-vm-default'
[2025-07-21T22:23:49.123Z] [ message] [vmsvc] [427] Script exit code: 0, success = 1
[2025-07-22T01:24:57.782Z] [ warning] [GLib-GObject] [427] g_object_get_is_valid_property: object class 'ToolsCoreService' has no property named 'tps_prop_gueststore'
[2025-07-22T01:24:57.797Z] [ message] [vmtoolsd] [427] Unloading plugin 'vmbackup'.
[2025-07-22T01:24:57.797Z] [ message] [vmtoolsd] [427] Unloading plugin 'timeSync'.
[2025-07-22T01:24:57.797Z] [ message] [vmtoolsd] [427] Unloading plugin 'powerops'.
[2025-07-22T01:24:57.797Z] [ message] [vmtoolsd] [427] Unloading plugin 'guestInfo'.
[2025-07-22T01:24:57.797Z] [ message] [vmtoolsd] [427] Unloading plugin 'componentMgr'.
[2025-07-22T01:24:57.797Z] [ message] [vmtoolsd] [427] Unloading plugin 'appInfo'.
[2025-07-22T01:24:57.797Z] [ message] [vmtoolsd] [427] Unloading plugin 'vix'.
[2025-07-22T01:24:57.797Z] [ message] [vmtoolsd] [427] Unloading plugin 'hgfsServer'.
