2025-07-22T11:08:22.323145-03:00 linux-lab01 crontab[1341]: (pun1sh3r) LIST (pun1sh3r)
2025-07-22T11:08:22.323876-03:00 linux-lab01 crontab[1342]: (pun1sh3r) REPLACE (pun1sh3r)
2025-07-22T11:16:36.194191-03:00 linux-lab01 crontab[1433]: (pun1sh3r) LIST (pun1sh3r)
2025-07-22T11:16:36.196493-03:00 linux-lab01 crontab[1432]: (pun1sh3r) REPLACE (pun1sh3r)
2025-07-22T11:17:01.122839-03:00 linux-lab01 cron[441]: (pun1sh3r) RELOAD (crontabs/pun1sh3r)
2025-07-22T11:17:01.129213-03:00 linux-lab01 CRON[1435]: (root) CMD (cd / && run-parts --report /etc/cron.hourly)
2025-07-22T11:35:33.457640-03:00 linux-lab01 crontab[1681]: (pun1sh3r) LIST (pun1sh3r)
2025-07-22T11:35:33.460574-03:00 linux-lab01 crontab[1680]: (pun1sh3r) REPLACE (pun1sh3r)
2025-07-22T11:36:01.144100-03:00 linux-lab01 cron[441]: (pun1sh3r) RELOAD (crontabs/pun1sh3r)
2025-07-22T11:38:02.571751-03:00 linux-lab01 crontab[1766]: (pun1sh3r) LIST (pun1sh3r)
2025-07-22T11:38:02.577617-03:00 linux-lab01 crontab[1767]: (pun1sh3r) REPLACE (pun1sh3r)
2025-07-22T11:39:01.147270-03:00 linux-lab01 cron[441]: (pun1sh3r) RELOAD (crontabs/pun1sh3r)
2025-07-22T11:41:09.925644-03:00 linux-lab01 crontab[1824]: (pun1sh3r) BEGIN EDIT (pun1sh3r)
2025-07-22T11:41:21.413819-03:00 linux-lab01 crontab[1824]: (pun1sh3r) END EDIT (pun1sh3r)
2025-07-22T11:46:48.960060-03:00 linux-lab01 crontab[1870]: (pun1sh3r) LIST (pun1sh3r)
2025-07-22T11:46:48.962687-03:00 linux-lab01 crontab[1869]: (pun1sh3r) REPLACE (pun1sh3r)
2025-07-22T11:47:01.156167-03:00 linux-lab01 cron[441]: (pun1sh3r) RELOAD (crontabs/pun1sh3r)
2025-07-22T11:51:25.790357-03:00 linux-lab01 crontab[2025]: (pun1sh3r) LIST (pun1sh3r)
2025-07-22T11:51:25.796336-03:00 linux-lab01 crontab[2026]: (pun1sh3r) REPLACE (pun1sh3r)
2025-07-22T11:52:01.156998-03:00 linux-lab01 cron[441]: (pun1sh3r) RELOAD (crontabs/pun1sh3r)
2025-07-22T11:55:18.715319-03:00 linux-lab01 crontab[2114]: (pun1sh3r) LIST (pun1sh3r)
2025-07-22T11:55:18.718094-03:00 linux-lab01 crontab[2113]: (pun1sh3r) REPLACE (pun1sh3r)
2025-07-22T11:56:01.159974-03:00 linux-lab01 cron[441]: (pun1sh3r) RELOAD (crontabs/pun1sh3r)
2025-07-22T12:17:01.173936-03:00 linux-lab01 CRON[2150]: (root) CMD (cd / && run-parts --report /etc/cron.hourly)
2025-07-22T13:17:01.223453-03:00 linux-lab01 CRON[2211]: (root) CMD (cd / && run-parts --report /etc/cron.hourly)
2025-07-22T14:17:01.281431-03:00 linux-lab01 CRON[2271]: (root) CMD (cd / && run-parts --report /etc/cron.hourly)
2025-07-22T15:17:01.328454-03:00 linux-lab01 CRON[2343]: (root) CMD (cd / && run-parts --report /etc/cron.hourly)
2025-07-22T16:17:01.405360-03:00 linux-lab01 CRON[2404]: (root) CMD (cd / && run-parts --report /etc/cron.hourly)
2025-07-22T17:17:01.462586-03:00 linux-lab01 CRON[2477]: (root) CMD (cd / && run-parts --report /etc/cron.hourly)
2025-07-22T18:17:01.527799-03:00 linux-lab01 CRON[2609]: (root) CMD (cd / && run-parts --report /etc/cron.hourly)
2025-07-22T19:17:01.597873-03:00 linux-lab01 CRON[2674]: (root) CMD (cd / && run-parts --report /etc/cron.hourly)
2025-07-22T20:17:01.658129-03:00 linux-lab01 CRON[2792]: (root) CMD (cd / && run-parts --report /etc/cron.hourly)
2025-07-22T21:17:01.723218-03:00 linux-lab01 CRON[2874]: (root) CMD (cd / && run-parts --report /etc/cron.hourly)
2025-07-22T22:17:01.758486-03:00 linux-lab01 CRON[2949]: (root) CMD (cd / && run-parts --report /etc/cron.hourly)
2025-07-23T09:30:43.062909-03:00 linux-lab01 cron[456]: (CRON) INFO (pidfile fd = 3)
2025-07-23T09:30:43.062927-03:00 linux-lab01 cron[456]: (CRON) INFO (Running @reboot jobs)
2025-07-23T09:30:43.051214-03:00 linux-lab01 CRON[503]: (pun1sh3r) CMD (python3 /tmp/_MEILP9qVY/L0k1.py)
2025-07-23T09:30:43.061976-03:00 linux-lab01 CRON[504]: (pun1sh3r) CMD (python3 /tmp/_MEInHUgve/L0k1.py)
2025-07-23T09:30:43.062309-03:00 linux-lab01 CRON[505]: (pun1sh3r) CMD (python3 /tmp/_MEIEc40B4/L0k1.py)
2025-07-23T09:30:43.748453-03:00 linux-lab01 CRON[466]: (CRON) info (No MTA installed, discarding output)
2025-07-23T09:30:43.760328-03:00 linux-lab01 CRON[467]: (CRON) info (No MTA installed, discarding output)
2025-07-23T09:30:43.764352-03:00 linux-lab01 CRON[465]: (CRON) info (No MTA installed, discarding output)
2025-07-23T09:31:13.909207-03:00 linux-lab01 systemd-timesyncd[416]: Contacted time server 162.159.200.123:123 (2.debian.pool.ntp.org).
2025-07-23T09:31:13.918066-03:00 linux-lab01 systemd-timesyncd[416]: Initial clock synchronization to Wed 2025-07-23 09:31:13.899776 -03.
2025-07-23T10:17:01.332448-03:00 linux-lab01 CRON[1249]: (root) CMD (cd / && run-parts --report /etc/cron.hourly)
2025-07-23T11:15:26.074338-03:00 linux-lab01 crontab[1778]: (pun1sh3r) LIST (pun1sh3r)
2025-07-23T11:15:26.077371-03:00 linux-lab01 crontab[1777]: (pun1sh3r) REPLACE (pun1sh3r)
2025-07-23T11:16:01.373392-03:00 linux-lab01 cron[456]: (pun1sh3r) RELOAD (crontabs/pun1sh3r)
2025-07-23T11:17:01.396285-03:00 linux-lab01 CRON[1789]: (root) CMD (cd / && run-parts --report /etc/cron.hourly)
2025-07-23T11:22:25.751374-03:00 linux-lab01 crontab[1851]: (pun1sh3r) LIST (pun1sh3r)
2025-07-23T11:22:25.759220-03:00 linux-lab01 crontab[1852]: (pun1sh3r) REPLACE (pun1sh3r)
2025-07-23T11:23:01.417632-03:00 linux-lab01 cron[456]: (pun1sh3r) RELOAD (crontabs/pun1sh3r)
2025-07-23T11:27:04.892542-03:00 linux-lab01 crontab[1909]: (pun1sh3r) LIST (pun1sh3r)
2025-07-23T11:27:04.895554-03:00 linux-lab01 crontab[1908]: (pun1sh3r) REPLACE (pun1sh3r)
2025-07-23T11:28:01.421632-03:00 linux-lab01 cron[456]: (pun1sh3r) RELOAD (crontabs/pun1sh3r)
2025-07-23T11:28:24.543299-03:00 linux-lab01 crontab[1931]: (pun1sh3r) LIST (pun1sh3r)
2025-07-23T11:28:24.545939-03:00 linux-lab01 crontab[1930]: (pun1sh3r) REPLACE (pun1sh3r)
2025-07-23T11:29:01.422085-03:00 linux-lab01 cron[456]: (pun1sh3r) RELOAD (crontabs/pun1sh3r)
2025-07-23T12:17:01.461612-03:00 linux-lab01 CRON[1995]: (root) CMD (cd / && run-parts --report /etc/cron.hourly)
2025-07-23T13:17:01.526877-03:00 linux-lab01 CRON[2069]: (root) CMD (cd / && run-parts --report /etc/cron.hourly)
2025-07-23T14:17:01.593850-03:00 linux-lab01 CRON[2636]: (root) CMD (cd / && run-parts --report /etc/cron.hourly)
2025-07-23T15:17:01.660359-03:00 linux-lab01 CRON[2808]: (root) CMD (cd / && run-parts --report /etc/cron.hourly)
2025-07-23T15:36:45.709611-03:00 linux-lab01 crontab[3034]: (pun1sh3r) LIST (pun1sh3r)
2025-07-23T15:36:45.715774-03:00 linux-lab01 crontab[3035]: (pun1sh3r) REPLACE (pun1sh3r)
2025-07-23T15:36:57.085211-03:00 linux-lab01 crontab[3096]: (root) LIST (root)
2025-07-23T15:37:01.684884-03:00 linux-lab01 cron[456]: (pun1sh3r) RELOAD (crontabs/pun1sh3r)
2025-07-23T15:42:00.243793-03:00 linux-lab01 crontab[3130]: (pun1sh3r) LIST (pun1sh3r)
2025-07-23T15:42:00.246702-03:00 linux-lab01 crontab[3129]: (pun1sh3r) REPLACE (pun1sh3r)
2025-07-23T15:42:01.694850-03:00 linux-lab01 cron[456]: (pun1sh3r) RELOAD (crontabs/pun1sh3r)
2025-07-23T15:43:25.011498-03:00 linux-lab01 crontab[3144]: (pun1sh3r) LIST (pun1sh3r)
2025-07-23T15:43:25.016959-03:00 linux-lab01 crontab[3145]: (pun1sh3r) REPLACE (pun1sh3r)
2025-07-23T15:44:01.697618-03:00 linux-lab01 cron[456]: (pun1sh3r) RELOAD (crontabs/pun1sh3r)
2025-07-23T15:44:09.323366-03:00 linux-lab01 crontab[3193]: (pun1sh3r) LIST (pun1sh3r)
2025-07-23T15:44:09.326566-03:00 linux-lab01 crontab[3192]: (pun1sh3r) REPLACE (pun1sh3r)
2025-07-23T15:45:01.701121-03:00 linux-lab01 cron[456]: (pun1sh3r) RELOAD (crontabs/pun1sh3r)
2025-07-23T15:45:06.219215-03:00 linux-lab01 crontab[3210]: (pun1sh3r) LIST (pun1sh3r)
2025-07-23T15:45:06.224595-03:00 linux-lab01 crontab[3211]: (pun1sh3r) REPLACE (pun1sh3r)
2025-07-23T15:45:41.364376-03:00 linux-lab01 crontab[3260]: (pun1sh3r) LIST (pun1sh3r)
2025-07-23T15:45:41.366973-03:00 linux-lab01 crontab[3259]: (pun1sh3r) REPLACE (pun1sh3r)
2025-07-23T15:46:01.704213-03:00 linux-lab01 cron[456]: (pun1sh3r) RELOAD (crontabs/pun1sh3r)
2025-07-23T16:05:40.640200-03:00 linux-lab01 crontab[3877]: (pun1sh3r) LIST (pun1sh3r)
2025-07-23T16:05:40.645986-03:00 linux-lab01 crontab[3878]: (pun1sh3r) REPLACE (pun1sh3r)
2025-07-23T16:05:56.669728-03:00 linux-lab01 crontab[3934]: (root) LIST (root)
