[2025-07-22T13:53:55.455Z] [ message] [vmsvc] [425] VMware Tools Version: 12.2.0.41219 (build-21223074)
[2025-07-22T13:53:55.455Z] [ message] [vmsvc] [425] Guest OS details: architecture='X86' bitness='64' distroAddlVersion='12 (bookworm)' distroName='Debian GNU/Linux' distroVersion='12' familyName='Linux' kernelVersion='6.1.0-37-amd64' prettyName='Debian GNU/Linux 12 (bookworm)'
[2025-07-22T13:53:55.455Z] [ message] [vmsvc] [425] Log caching is enabled with maxCacheEntries=4096.
[2025-07-22T13:53:55.455Z] [ message] [vmsvc] [425] Core dump limit set to -1
[2025-07-22T13:53:55.597Z] [ message] [vmtoolsd] [425] Plugin 'hgfsServer' initialized.
[2025-07-22T13:53:55.598Z] [ message] [vix] [425] QueryVGAuthConfig: vgauth usage is: 1
[2025-07-22T13:53:55.598Z] [ message] [vmtoolsd] [425] Plugin 'vix' initialized.
[2025-07-22T13:53:55.598Z] [ message] [vmtoolsd] [425] Plugin 'appInfo' initialized.
[2025-07-22T13:53:55.598Z] [ message] [vmtoolsd] [425] Plugin 'componentMgr' initialized.
[2025-07-22T13:53:55.598Z] [ message] [vmtoolsd] [425] Plugin 'guestInfo' initialized.
[2025-07-22T13:53:55.598Z] [ message] [vmtoolsd] [425] Plugin 'powerops' initialized.
[2025-07-22T13:53:55.598Z] [ message] [resolutionCommon] [425] resolutionCheckForKMS: dlopen succeeded.
[2025-07-22T13:53:55.752Z] [ warning] [resolutionCommon] [425] resolutionCheckForKMS: No system support for resolutionKMS.
[2025-07-22T13:53:55.752Z] [ message] [vmtoolsd] [425] Plugin 'timeSync' initialized.
[2025-07-22T13:53:55.752Z] [ message] [vmtoolsd] [425] Plugin 'vmbackup' initialized.
[2025-07-22T13:53:55.754Z] [ message] [vix] [425] VixTools_ProcessVixCommand: command 62
[2025-07-22T13:53:55.772Z] [ message] [vix] [425] VixTools_ProcessVixCommand: command 62
[2025-07-22T13:53:55.772Z] [ message] [vix] [425] ToolsDaemonTcloReceiveVixCommand: command 62, additionalError = 17
[2025-07-22T13:53:55.775Z] [ message] [vmsvc] [425] Executing script for state change 'OS_PowerOn'.
[2025-07-22T13:53:55.775Z] [ message] [powerops] [425] Executing script: '/etc/vmware-tools/poweron-vm-default'
[2025-07-22T13:53:56.032Z] [ message] [vmsvc] [425] Script exit code: 0, success = 1
[2025-07-23T01:30:38.387Z] [ warning] [GLib-GObject] [425] g_object_get_is_valid_property: object class 'ToolsCoreService' has no property named 'tps_prop_gueststore'
[2025-07-23T01:30:38.415Z] [ message] [vmtoolsd] [425] Unloading plugin 'vmbackup'.
[2025-07-23T01:30:38.415Z] [ message] [vmtoolsd] [425] Unloading plugin 'timeSync'.
[2025-07-23T01:30:38.415Z] [ message] [vmtoolsd] [425] Unloading plugin 'powerops'.
[2025-07-23T01:30:38.415Z] [ message] [vmtoolsd] [425] Unloading plugin 'guestInfo'.
[2025-07-23T01:30:38.415Z] [ message] [vmtoolsd] [425] Unloading plugin 'componentMgr'.
[2025-07-23T01:30:38.415Z] [ message] [vmtoolsd] [425] Unloading plugin 'appInfo'.
[2025-07-23T01:30:38.415Z] [ message] [vmtoolsd] [425] Unloading plugin 'vix'.
[2025-07-23T01:30:38.415Z] [ message] [vmtoolsd] [425] Unloading plugin 'hgfsServer'.
