2025/07/22 11:14:35|INFO    |1772:(script_thread)|pythonic_agent_starter|ACTION_ID: c98b76fc-7b74-40f2-8d92-72b849b778b2|Running pythonic_agent_starter.py
2025/07/22 11:14:35|INFO    |1772:(script_thread)|pythonic_agent_starter|ACTION_ID: c98b76fc-7b74-40f2-8d92-72b849b778b2|Payload exists in '/opt/traps/python/payload/cortex-xdr-payload' => nothing to do. Exiting...
2025/07/22 16:11:35|INFO    |4291:(script_thread)|collect_kernel_modules|ACTION_ID: f54647a1-44d2-4cb1-bf50-b10cf7b674cc|Running for module name: msr
2025/07/22 16:11:35|INFO    |4291:(script_thread)|collect_kernel_modules|ACTION_ID: f54647a1-44d2-4cb1-bf50-b10cf7b674cc|Running for module name: traps
2025/07/22 16:11:35|INFO    |4291:(script_thread)|collect_kernel_modules|ACTION_ID: f54647a1-44d2-4cb1-bf50-b10cf7b674cc|Running for module name: intel_rapl_msr
2025/07/22 16:11:36|INFO    |4291:(script_thread)|collect_kernel_modules|ACTION_ID: f54647a1-44d2-4cb1-bf50-b10cf7b674cc|Running for module name: intel_rapl_common
2025/07/22 16:11:36|INFO    |4291:(script_thread)|collect_kernel_modules|ACTION_ID: f54647a1-44d2-4cb1-bf50-b10cf7b674cc|Running for module name: intel_pmc_core
2025/07/22 16:11:36|INFO    |4291:(script_thread)|collect_kernel_modules|ACTION_ID: f54647a1-44d2-4cb1-bf50-b10cf7b674cc|Running for module name: vsock_loopback
2025/07/22 16:11:36|INFO    |4291:(script_thread)|collect_kernel_modules|ACTION_ID: f54647a1-44d2-4cb1-bf50-b10cf7b674cc|Running for module name: ghash_clmulni_intel
2025/07/22 16:11:36|INFO    |4291:(script_thread)|collect_kernel_modules|ACTION_ID: f54647a1-44d2-4cb1-bf50-b10cf7b674cc|Running for module name: vmw_vsock_virtio_transport_common
2025/07/22 16:11:36|INFO    |4291:(script_thread)|collect_kernel_modules|ACTION_ID: f54647a1-44d2-4cb1-bf50-b10cf7b674cc|Running for module name: sha512_ssse3
2025/07/22 16:11:36|INFO    |4291:(script_thread)|collect_kernel_modules|ACTION_ID: f54647a1-44d2-4cb1-bf50-b10cf7b674cc|Running for module name: sha512_generic
2025/07/22 16:11:36|INFO    |4291:(script_thread)|collect_kernel_modules|ACTION_ID: f54647a1-44d2-4cb1-bf50-b10cf7b674cc|Running for module name: vmw_vsock_vmci_transport
2025/07/22 16:11:36|INFO    |4291:(script_thread)|collect_kernel_modules|ACTION_ID: f54647a1-44d2-4cb1-bf50-b10cf7b674cc|Running for module name: sha256_ssse3
2025/07/22 16:11:36|INFO    |4291:(script_thread)|collect_kernel_modules|ACTION_ID: f54647a1-44d2-4cb1-bf50-b10cf7b674cc|Running for module name: sha1_ssse3
2025/07/22 16:11:36|INFO    |4291:(script_thread)|collect_kernel_modules|ACTION_ID: f54647a1-44d2-4cb1-bf50-b10cf7b674cc|Running for module name: vsock
2025/07/22 16:11:36|INFO    |4291:(script_thread)|collect_kernel_modules|ACTION_ID: f54647a1-44d2-4cb1-bf50-b10cf7b674cc|Running for module name: binfmt_misc
2025/07/22 16:11:36|INFO    |4291:(script_thread)|collect_kernel_modules|ACTION_ID: f54647a1-44d2-4cb1-bf50-b10cf7b674cc|Running for module name: aesni_intel
2025/07/22 16:11:36|INFO    |4291:(script_thread)|collect_kernel_modules|ACTION_ID: f54647a1-44d2-4cb1-bf50-b10cf7b674cc|Running for module name: crypto_simd
2025/07/22 16:11:36|INFO    |4291:(script_thread)|collect_kernel_modules|ACTION_ID: f54647a1-44d2-4cb1-bf50-b10cf7b674cc|Running for module name: cryptd
2025/07/22 16:11:36|INFO    |4291:(script_thread)|collect_kernel_modules|ACTION_ID: f54647a1-44d2-4cb1-bf50-b10cf7b674cc|Running for module name: rapl
2025/07/22 16:11:36|INFO    |4291:(script_thread)|collect_kernel_modules|ACTION_ID: f54647a1-44d2-4cb1-bf50-b10cf7b674cc|Running for module name: snd_ens1371
2025/07/22 16:11:36|INFO    |4291:(script_thread)|collect_kernel_modules|ACTION_ID: f54647a1-44d2-4cb1-bf50-b10cf7b674cc|Running for module name: snd_ac97_codec
2025/07/22 16:11:36|INFO    |4291:(script_thread)|collect_kernel_modules|ACTION_ID: f54647a1-44d2-4cb1-bf50-b10cf7b674cc|Running for module name: ac97_bus
2025/07/22 16:11:36|INFO    |4291:(script_thread)|collect_kernel_modules|ACTION_ID: f54647a1-44d2-4cb1-bf50-b10cf7b674cc|Running for module name: vmw_balloon
2025/07/22 16:11:36|INFO    |4291:(script_thread)|collect_kernel_modules|ACTION_ID: f54647a1-44d2-4cb1-bf50-b10cf7b674cc|Running for module name: gameport
2025/07/22 16:11:36|INFO    |4291:(script_thread)|collect_kernel_modules|ACTION_ID: f54647a1-44d2-4cb1-bf50-b10cf7b674cc|Running for module name: vmwgfx
2025/07/22 16:11:36|INFO    |4291:(script_thread)|collect_kernel_modules|ACTION_ID: f54647a1-44d2-4cb1-bf50-b10cf7b674cc|Running for module name: snd_rawmidi
2025/07/22 16:11:36|INFO    |4291:(script_thread)|collect_kernel_modules|ACTION_ID: f54647a1-44d2-4cb1-bf50-b10cf7b674cc|Running for module name: snd_seq_device
2025/07/22 16:11:36|INFO    |4291:(script_thread)|collect_kernel_modules|ACTION_ID: f54647a1-44d2-4cb1-bf50-b10cf7b674cc|Running for module name: pcspkr
2025/07/22 16:11:36|INFO    |4291:(script_thread)|collect_kernel_modules|ACTION_ID: f54647a1-44d2-4cb1-bf50-b10cf7b674cc|Running for module name: drm_ttm_helper
2025/07/22 16:11:36|INFO    |4291:(script_thread)|collect_kernel_modules|ACTION_ID: f54647a1-44d2-4cb1-bf50-b10cf7b674cc|Running for module name: snd_pcm
2025/07/22 16:11:36|INFO    |4291:(script_thread)|collect_kernel_modules|ACTION_ID: f54647a1-44d2-4cb1-bf50-b10cf7b674cc|Running for module name: snd_timer
2025/07/22 16:11:36|INFO    |4291:(script_thread)|collect_kernel_modules|ACTION_ID: f54647a1-44d2-4cb1-bf50-b10cf7b674cc|Running for module name: ttm
2025/07/22 16:11:36|INFO    |4291:(script_thread)|collect_kernel_modules|ACTION_ID: f54647a1-44d2-4cb1-bf50-b10cf7b674cc|Running for module name: snd
2025/07/22 16:11:36|INFO    |4291:(script_thread)|collect_kernel_modules|ACTION_ID: f54647a1-44d2-4cb1-bf50-b10cf7b674cc|Running for module name: drm_kms_helper
2025/07/22 16:11:36|INFO    |4291:(script_thread)|collect_kernel_modules|ACTION_ID: f54647a1-44d2-4cb1-bf50-b10cf7b674cc|Running for module name: soundcore
2025/07/22 16:11:36|INFO    |4291:(script_thread)|collect_kernel_modules|ACTION_ID: f54647a1-44d2-4cb1-bf50-b10cf7b674cc|Running for module name: vmw_vmci
2025/07/22 16:11:36|INFO    |4291:(script_thread)|collect_kernel_modules|ACTION_ID: f54647a1-44d2-4cb1-bf50-b10cf7b674cc|Running for module name: button
2025/07/22 16:11:36|INFO    |4291:(script_thread)|collect_kernel_modules|ACTION_ID: f54647a1-44d2-4cb1-bf50-b10cf7b674cc|Running for module name: ac
2025/07/22 16:11:36|INFO    |4291:(script_thread)|collect_kernel_modules|ACTION_ID: f54647a1-44d2-4cb1-bf50-b10cf7b674cc|Running for module name: evdev
2025/07/22 16:11:36|INFO    |4291:(script_thread)|collect_kernel_modules|ACTION_ID: f54647a1-44d2-4cb1-bf50-b10cf7b674cc|Running for module name: joydev
2025/07/22 16:11:36|INFO    |4291:(script_thread)|collect_kernel_modules|ACTION_ID: f54647a1-44d2-4cb1-bf50-b10cf7b674cc|Running for module name: sg
2025/07/22 16:11:36|INFO    |4291:(script_thread)|collect_kernel_modules|ACTION_ID: f54647a1-44d2-4cb1-bf50-b10cf7b674cc|Running for module name: serio_raw
2025/07/22 16:11:36|INFO    |4291:(script_thread)|collect_kernel_modules|ACTION_ID: f54647a1-44d2-4cb1-bf50-b10cf7b674cc|Running for module name: drm
2025/07/22 16:11:36|INFO    |4291:(script_thread)|collect_kernel_modules|ACTION_ID: f54647a1-44d2-4cb1-bf50-b10cf7b674cc|Running for module name: loop
2025/07/22 16:11:36|INFO    |4291:(script_thread)|collect_kernel_modules|ACTION_ID: f54647a1-44d2-4cb1-bf50-b10cf7b674cc|Running for module name: fuse
2025/07/22 16:11:37|INFO    |4291:(script_thread)|collect_kernel_modules|ACTION_ID: f54647a1-44d2-4cb1-bf50-b10cf7b674cc|Running for module name: efi_pstore
2025/07/22 16:11:37|INFO    |4291:(script_thread)|collect_kernel_modules|ACTION_ID: f54647a1-44d2-4cb1-bf50-b10cf7b674cc|Running for module name: dm_mod
2025/07/22 16:11:37|INFO    |4291:(script_thread)|collect_kernel_modules|ACTION_ID: f54647a1-44d2-4cb1-bf50-b10cf7b674cc|Running for module name: configfs
2025/07/22 16:11:37|INFO    |4291:(script_thread)|collect_kernel_modules|ACTION_ID: f54647a1-44d2-4cb1-bf50-b10cf7b674cc|Running for module name: ip_tables
2025/07/22 16:11:37|INFO    |4291:(script_thread)|collect_kernel_modules|ACTION_ID: f54647a1-44d2-4cb1-bf50-b10cf7b674cc|Running for module name: x_tables
2025/07/22 16:11:37|INFO    |4291:(script_thread)|collect_kernel_modules|ACTION_ID: f54647a1-44d2-4cb1-bf50-b10cf7b674cc|Running for module name: autofs4
2025/07/22 16:11:37|INFO    |4291:(script_thread)|collect_kernel_modules|ACTION_ID: f54647a1-44d2-4cb1-bf50-b10cf7b674cc|Running for module name: ext4
2025/07/22 16:11:37|INFO    |4291:(script_thread)|collect_kernel_modules|ACTION_ID: f54647a1-44d2-4cb1-bf50-b10cf7b674cc|Running for module name: crc16
2025/07/22 16:11:37|INFO    |4291:(script_thread)|collect_kernel_modules|ACTION_ID: f54647a1-44d2-4cb1-bf50-b10cf7b674cc|Running for module name: mbcache
2025/07/22 16:11:37|INFO    |4291:(script_thread)|collect_kernel_modules|ACTION_ID: f54647a1-44d2-4cb1-bf50-b10cf7b674cc|Running for module name: jbd2
2025/07/22 16:11:37|INFO    |4291:(script_thread)|collect_kernel_modules|ACTION_ID: f54647a1-44d2-4cb1-bf50-b10cf7b674cc|Running for module name: crc32c_generic
2025/07/22 16:11:37|INFO    |4291:(script_thread)|collect_kernel_modules|ACTION_ID: f54647a1-44d2-4cb1-bf50-b10cf7b674cc|Running for module name: sd_mod
2025/07/22 16:11:37|INFO    |4291:(script_thread)|collect_kernel_modules|ACTION_ID: f54647a1-44d2-4cb1-bf50-b10cf7b674cc|Running for module name: t10_pi
2025/07/22 16:11:37|INFO    |4291:(script_thread)|collect_kernel_modules|ACTION_ID: f54647a1-44d2-4cb1-bf50-b10cf7b674cc|Running for module name: sr_mod
2025/07/22 16:11:37|INFO    |4291:(script_thread)|collect_kernel_modules|ACTION_ID: f54647a1-44d2-4cb1-bf50-b10cf7b674cc|Running for module name: hid_generic
2025/07/22 16:11:37|INFO    |4291:(script_thread)|collect_kernel_modules|ACTION_ID: f54647a1-44d2-4cb1-bf50-b10cf7b674cc|Running for module name: crc64_rocksoft
2025/07/22 16:11:37|INFO    |4291:(script_thread)|collect_kernel_modules|ACTION_ID: f54647a1-44d2-4cb1-bf50-b10cf7b674cc|Running for module name: crc64
2025/07/22 16:11:37|INFO    |4291:(script_thread)|collect_kernel_modules|ACTION_ID: f54647a1-44d2-4cb1-bf50-b10cf7b674cc|Running for module name: crc_t10dif
2025/07/22 16:11:37|INFO    |4291:(script_thread)|collect_kernel_modules|ACTION_ID: f54647a1-44d2-4cb1-bf50-b10cf7b674cc|Running for module name: cdrom
2025/07/22 16:11:37|INFO    |4291:(script_thread)|collect_kernel_modules|ACTION_ID: f54647a1-44d2-4cb1-bf50-b10cf7b674cc|Running for module name: crct10dif_generic
2025/07/22 16:11:37|INFO    |4291:(script_thread)|collect_kernel_modules|ACTION_ID: f54647a1-44d2-4cb1-bf50-b10cf7b674cc|Running for module name: usbhid
2025/07/22 16:11:37|INFO    |4291:(script_thread)|collect_kernel_modules|ACTION_ID: f54647a1-44d2-4cb1-bf50-b10cf7b674cc|Running for module name: hid
2025/07/22 16:11:37|INFO    |4291:(script_thread)|collect_kernel_modules|ACTION_ID: f54647a1-44d2-4cb1-bf50-b10cf7b674cc|Running for module name: ata_generic
2025/07/22 16:11:37|INFO    |4291:(script_thread)|collect_kernel_modules|ACTION_ID: f54647a1-44d2-4cb1-bf50-b10cf7b674cc|Running for module name: ahci
2025/07/22 16:11:37|INFO    |4291:(script_thread)|collect_kernel_modules|ACTION_ID: f54647a1-44d2-4cb1-bf50-b10cf7b674cc|Running for module name: ata_piix
2025/07/22 16:11:37|INFO    |4291:(script_thread)|collect_kernel_modules|ACTION_ID: f54647a1-44d2-4cb1-bf50-b10cf7b674cc|Running for module name: libahci
2025/07/22 16:11:37|INFO    |4291:(script_thread)|collect_kernel_modules|ACTION_ID: f54647a1-44d2-4cb1-bf50-b10cf7b674cc|Running for module name: mptspi
2025/07/22 16:11:37|INFO    |4291:(script_thread)|collect_kernel_modules|ACTION_ID: f54647a1-44d2-4cb1-bf50-b10cf7b674cc|Running for module name: mptscsih
2025/07/22 16:11:37|INFO    |4291:(script_thread)|collect_kernel_modules|ACTION_ID: f54647a1-44d2-4cb1-bf50-b10cf7b674cc|Running for module name: crct10dif_pclmul
2025/07/22 16:11:37|INFO    |4291:(script_thread)|collect_kernel_modules|ACTION_ID: f54647a1-44d2-4cb1-bf50-b10cf7b674cc|Running for module name: crct10dif_common
2025/07/22 16:11:37|INFO    |4291:(script_thread)|collect_kernel_modules|ACTION_ID: f54647a1-44d2-4cb1-bf50-b10cf7b674cc|Running for module name: crc32_pclmul
2025/07/22 16:11:37|INFO    |4291:(script_thread)|collect_kernel_modules|ACTION_ID: f54647a1-44d2-4cb1-bf50-b10cf7b674cc|Running for module name: uhci_hcd
2025/07/22 16:11:37|INFO    |4291:(script_thread)|collect_kernel_modules|ACTION_ID: f54647a1-44d2-4cb1-bf50-b10cf7b674cc|Running for module name: crc32c_intel
2025/07/22 16:11:37|INFO    |4291:(script_thread)|collect_kernel_modules|ACTION_ID: f54647a1-44d2-4cb1-bf50-b10cf7b674cc|Running for module name: ehci_hcd
2025/07/22 16:11:37|INFO    |4291:(script_thread)|collect_kernel_modules|ACTION_ID: f54647a1-44d2-4cb1-bf50-b10cf7b674cc|Running for module name: mptbase
2025/07/22 16:11:37|INFO    |4291:(script_thread)|collect_kernel_modules|ACTION_ID: f54647a1-44d2-4cb1-bf50-b10cf7b674cc|Running for module name: libata
2025/07/22 16:11:37|INFO    |4291:(script_thread)|collect_kernel_modules|ACTION_ID: f54647a1-44d2-4cb1-bf50-b10cf7b674cc|Running for module name: scsi_transport_spi
2025/07/22 16:11:37|INFO    |4291:(script_thread)|collect_kernel_modules|ACTION_ID: f54647a1-44d2-4cb1-bf50-b10cf7b674cc|Running for module name: psmouse
2025/07/22 16:11:37|INFO    |4291:(script_thread)|collect_kernel_modules|ACTION_ID: f54647a1-44d2-4cb1-bf50-b10cf7b674cc|Running for module name: scsi_mod
2025/07/22 16:11:37|INFO    |4291:(script_thread)|collect_kernel_modules|ACTION_ID: f54647a1-44d2-4cb1-bf50-b10cf7b674cc|Running for module name: usbcore
2025/07/22 16:11:38|INFO    |4291:(script_thread)|collect_kernel_modules|ACTION_ID: f54647a1-44d2-4cb1-bf50-b10cf7b674cc|Running for module name: e1000
2025/07/22 16:11:38|INFO    |4291:(script_thread)|collect_kernel_modules|ACTION_ID: f54647a1-44d2-4cb1-bf50-b10cf7b674cc|Running for module name: usb_common
2025/07/22 16:11:38|INFO    |4291:(script_thread)|collect_kernel_modules|ACTION_ID: f54647a1-44d2-4cb1-bf50-b10cf7b674cc|Running for module name: i2c_piix4
2025/07/22 16:11:38|INFO    |4291:(script_thread)|collect_kernel_modules|ACTION_ID: f54647a1-44d2-4cb1-bf50-b10cf7b674cc|Running for module name: scsi_common
2025/07/23 22:37:53|INFO    |1466:(script_thread)|pythonic_agent_starter|ACTION_ID: c98b76fc-7b74-40f2-8d92-72b849b778b2|Running pythonic_agent_starter.py
2025/07/23 22:37:53|INFO    |1466:(script_thread)|pythonic_agent_starter|ACTION_ID: c98b76fc-7b74-40f2-8d92-72b849b778b2|Payload exists in '/opt/traps/python/payload/cortex-xdr-payload' => nothing to do. Exiting...
2025/07/23 22:37:53|INFO    |1467:(script_thread)|collect_kernel_modules|ACTION_ID: f54647a1-44d2-4cb1-bf50-b10cf7b674cc|Running for module name: traps
2025/07/23 22:37:53|INFO    |1467:(script_thread)|collect_kernel_modules|ACTION_ID: f54647a1-44d2-4cb1-bf50-b10cf7b674cc|Running for module name: intel_rapl_msr
2025/07/23 22:37:53|INFO    |1467:(script_thread)|collect_kernel_modules|ACTION_ID: f54647a1-44d2-4cb1-bf50-b10cf7b674cc|Running for module name: intel_rapl_common
2025/07/23 22:37:53|INFO    |1467:(script_thread)|collect_kernel_modules|ACTION_ID: f54647a1-44d2-4cb1-bf50-b10cf7b674cc|Running for module name: intel_pmc_core
2025/07/23 22:37:53|INFO    |1467:(script_thread)|collect_kernel_modules|ACTION_ID: f54647a1-44d2-4cb1-bf50-b10cf7b674cc|Running for module name: ghash_clmulni_intel
2025/07/23 22:37:53|INFO    |1467:(script_thread)|collect_kernel_modules|ACTION_ID: f54647a1-44d2-4cb1-bf50-b10cf7b674cc|Running for module name: sha512_ssse3
2025/07/23 22:37:53|INFO    |1467:(script_thread)|collect_kernel_modules|ACTION_ID: f54647a1-44d2-4cb1-bf50-b10cf7b674cc|Running for module name: sha512_generic
2025/07/23 22:37:53|INFO    |1467:(script_thread)|collect_kernel_modules|ACTION_ID: f54647a1-44d2-4cb1-bf50-b10cf7b674cc|Running for module name: vsock_loopback
2025/07/23 22:37:54|INFO    |1467:(script_thread)|collect_kernel_modules|ACTION_ID: f54647a1-44d2-4cb1-bf50-b10cf7b674cc|Running for module name: vmw_vsock_virtio_transport_common
2025/07/23 22:37:54|INFO    |1467:(script_thread)|collect_kernel_modules|ACTION_ID: f54647a1-44d2-4cb1-bf50-b10cf7b674cc|Running for module name: sha256_ssse3
2025/07/23 22:37:54|INFO    |1467:(script_thread)|collect_kernel_modules|ACTION_ID: f54647a1-44d2-4cb1-bf50-b10cf7b674cc|Running for module name: sha1_ssse3
2025/07/23 22:37:54|INFO    |1467:(script_thread)|collect_kernel_modules|ACTION_ID: f54647a1-44d2-4cb1-bf50-b10cf7b674cc|Running for module name: vmw_vsock_vmci_transport
2025/07/23 22:37:54|INFO    |1467:(script_thread)|collect_kernel_modules|ACTION_ID: f54647a1-44d2-4cb1-bf50-b10cf7b674cc|Running for module name: vsock
2025/07/23 22:37:54|INFO    |1467:(script_thread)|collect_kernel_modules|ACTION_ID: f54647a1-44d2-4cb1-bf50-b10cf7b674cc|Running for module name: binfmt_misc
2025/07/23 22:37:54|INFO    |1467:(script_thread)|collect_kernel_modules|ACTION_ID: f54647a1-44d2-4cb1-bf50-b10cf7b674cc|Running for module name: aesni_intel
2025/07/23 22:37:54|INFO    |1467:(script_thread)|collect_kernel_modules|ACTION_ID: f54647a1-44d2-4cb1-bf50-b10cf7b674cc|Running for module name: crypto_simd
2025/07/23 22:37:54|INFO    |1467:(script_thread)|collect_kernel_modules|ACTION_ID: f54647a1-44d2-4cb1-bf50-b10cf7b674cc|Running for module name: cryptd
2025/07/23 22:37:54|INFO    |1467:(script_thread)|collect_kernel_modules|ACTION_ID: f54647a1-44d2-4cb1-bf50-b10cf7b674cc|Running for module name: rapl
2025/07/23 22:37:54|INFO    |1467:(script_thread)|collect_kernel_modules|ACTION_ID: f54647a1-44d2-4cb1-bf50-b10cf7b674cc|Running for module name: snd_ens1371
2025/07/23 22:37:54|INFO    |1467:(script_thread)|collect_kernel_modules|ACTION_ID: f54647a1-44d2-4cb1-bf50-b10cf7b674cc|Running for module name: vmwgfx
2025/07/23 22:37:54|INFO    |1467:(script_thread)|collect_kernel_modules|ACTION_ID: f54647a1-44d2-4cb1-bf50-b10cf7b674cc|Running for module name: snd_ac97_codec
2025/07/23 22:37:54|INFO    |1467:(script_thread)|collect_kernel_modules|ACTION_ID: f54647a1-44d2-4cb1-bf50-b10cf7b674cc|Running for module name: ac97_bus
2025/07/23 22:37:54|INFO    |1467:(script_thread)|collect_kernel_modules|ACTION_ID: f54647a1-44d2-4cb1-bf50-b10cf7b674cc|Running for module name: vmw_balloon
2025/07/23 22:37:54|INFO    |1467:(script_thread)|collect_kernel_modules|ACTION_ID: f54647a1-44d2-4cb1-bf50-b10cf7b674cc|Running for module name: gameport
2025/07/23 22:37:54|INFO    |1467:(script_thread)|collect_kernel_modules|ACTION_ID: f54647a1-44d2-4cb1-bf50-b10cf7b674cc|Running for module name: snd_rawmidi
2025/07/23 22:37:54|INFO    |1467:(script_thread)|collect_kernel_modules|ACTION_ID: f54647a1-44d2-4cb1-bf50-b10cf7b674cc|Running for module name: drm_ttm_helper
2025/07/23 22:37:54|INFO    |1467:(script_thread)|collect_kernel_modules|ACTION_ID: f54647a1-44d2-4cb1-bf50-b10cf7b674cc|Running for module name: snd_seq_device
2025/07/23 22:37:55|INFO    |1467:(script_thread)|collect_kernel_modules|ACTION_ID: f54647a1-44d2-4cb1-bf50-b10cf7b674cc|Running for module name: snd_pcm
2025/07/23 22:37:55|INFO    |1467:(script_thread)|collect_kernel_modules|ACTION_ID: f54647a1-44d2-4cb1-bf50-b10cf7b674cc|Running for module name: ttm
2025/07/23 22:37:55|INFO    |1467:(script_thread)|collect_kernel_modules|ACTION_ID: f54647a1-44d2-4cb1-bf50-b10cf7b674cc|Running for module name: pcspkr
2025/07/23 22:37:55|INFO    |1467:(script_thread)|collect_kernel_modules|ACTION_ID: f54647a1-44d2-4cb1-bf50-b10cf7b674cc|Running for module name: snd_timer
2025/07/23 22:37:55|INFO    |1467:(script_thread)|collect_kernel_modules|ACTION_ID: f54647a1-44d2-4cb1-bf50-b10cf7b674cc|Running for module name: snd
2025/07/23 22:37:55|INFO    |1467:(script_thread)|collect_kernel_modules|ACTION_ID: f54647a1-44d2-4cb1-bf50-b10cf7b674cc|Running for module name: soundcore
2025/07/23 22:37:55|INFO    |1467:(script_thread)|collect_kernel_modules|ACTION_ID: f54647a1-44d2-4cb1-bf50-b10cf7b674cc|Running for module name: drm_kms_helper
2025/07/23 22:37:55|INFO    |1467:(script_thread)|collect_kernel_modules|ACTION_ID: f54647a1-44d2-4cb1-bf50-b10cf7b674cc|Running for module name: vmw_vmci
2025/07/23 22:37:55|INFO    |1467:(script_thread)|collect_kernel_modules|ACTION_ID: f54647a1-44d2-4cb1-bf50-b10cf7b674cc|Running for module name: button
2025/07/23 22:37:55|INFO    |1467:(script_thread)|collect_kernel_modules|ACTION_ID: f54647a1-44d2-4cb1-bf50-b10cf7b674cc|Running for module name: ac
2025/07/23 22:37:55|INFO    |1467:(script_thread)|collect_kernel_modules|ACTION_ID: f54647a1-44d2-4cb1-bf50-b10cf7b674cc|Running for module name: evdev
2025/07/23 22:37:55|INFO    |1467:(script_thread)|collect_kernel_modules|ACTION_ID: f54647a1-44d2-4cb1-bf50-b10cf7b674cc|Running for module name: sg
2025/07/23 22:37:55|INFO    |1467:(script_thread)|collect_kernel_modules|ACTION_ID: f54647a1-44d2-4cb1-bf50-b10cf7b674cc|Running for module name: joydev
2025/07/23 22:37:55|INFO    |1467:(script_thread)|collect_kernel_modules|ACTION_ID: f54647a1-44d2-4cb1-bf50-b10cf7b674cc|Running for module name: serio_raw
2025/07/23 22:37:55|INFO    |1467:(script_thread)|collect_kernel_modules|ACTION_ID: f54647a1-44d2-4cb1-bf50-b10cf7b674cc|Running for module name: drm
2025/07/23 22:37:55|INFO    |1467:(script_thread)|collect_kernel_modules|ACTION_ID: f54647a1-44d2-4cb1-bf50-b10cf7b674cc|Running for module name: loop
2025/07/23 22:37:55|INFO    |1467:(script_thread)|collect_kernel_modules|ACTION_ID: f54647a1-44d2-4cb1-bf50-b10cf7b674cc|Running for module name: fuse
2025/07/23 22:37:55|INFO    |1467:(script_thread)|collect_kernel_modules|ACTION_ID: f54647a1-44d2-4cb1-bf50-b10cf7b674cc|Running for module name: dm_mod
2025/07/23 22:37:55|INFO    |1467:(script_thread)|collect_kernel_modules|ACTION_ID: f54647a1-44d2-4cb1-bf50-b10cf7b674cc|Running for module name: efi_pstore
2025/07/23 22:37:56|INFO    |1467:(script_thread)|collect_kernel_modules|ACTION_ID: f54647a1-44d2-4cb1-bf50-b10cf7b674cc|Running for module name: configfs
2025/07/23 22:37:56|INFO    |1467:(script_thread)|collect_kernel_modules|ACTION_ID: f54647a1-44d2-4cb1-bf50-b10cf7b674cc|Running for module name: ip_tables
2025/07/23 22:37:56|INFO    |1467:(script_thread)|collect_kernel_modules|ACTION_ID: f54647a1-44d2-4cb1-bf50-b10cf7b674cc|Running for module name: x_tables
2025/07/23 22:37:56|INFO    |1467:(script_thread)|collect_kernel_modules|ACTION_ID: f54647a1-44d2-4cb1-bf50-b10cf7b674cc|Running for module name: autofs4
2025/07/23 22:37:56|INFO    |1467:(script_thread)|collect_kernel_modules|ACTION_ID: f54647a1-44d2-4cb1-bf50-b10cf7b674cc|Running for module name: ext4
2025/07/23 22:37:56|INFO    |1467:(script_thread)|collect_kernel_modules|ACTION_ID: f54647a1-44d2-4cb1-bf50-b10cf7b674cc|Running for module name: crc16
2025/07/23 22:37:56|INFO    |1467:(script_thread)|collect_kernel_modules|ACTION_ID: f54647a1-44d2-4cb1-bf50-b10cf7b674cc|Running for module name: mbcache
2025/07/23 22:37:56|INFO    |1467:(script_thread)|collect_kernel_modules|ACTION_ID: f54647a1-44d2-4cb1-bf50-b10cf7b674cc|Running for module name: jbd2
2025/07/23 22:37:56|INFO    |1467:(script_thread)|collect_kernel_modules|ACTION_ID: f54647a1-44d2-4cb1-bf50-b10cf7b674cc|Running for module name: crc32c_generic
2025/07/23 22:37:56|INFO    |1467:(script_thread)|collect_kernel_modules|ACTION_ID: f54647a1-44d2-4cb1-bf50-b10cf7b674cc|Running for module name: sd_mod
2025/07/23 22:37:56|INFO    |1467:(script_thread)|collect_kernel_modules|ACTION_ID: f54647a1-44d2-4cb1-bf50-b10cf7b674cc|Running for module name: t10_pi
2025/07/23 22:37:56|INFO    |1467:(script_thread)|collect_kernel_modules|ACTION_ID: f54647a1-44d2-4cb1-bf50-b10cf7b674cc|Running for module name: sr_mod
2025/07/23 22:37:56|INFO    |1467:(script_thread)|collect_kernel_modules|ACTION_ID: f54647a1-44d2-4cb1-bf50-b10cf7b674cc|Running for module name: hid_generic
2025/07/23 22:37:56|INFO    |1467:(script_thread)|collect_kernel_modules|ACTION_ID: f54647a1-44d2-4cb1-bf50-b10cf7b674cc|Running for module name: crc64_rocksoft
2025/07/23 22:37:56|INFO    |1467:(script_thread)|collect_kernel_modules|ACTION_ID: f54647a1-44d2-4cb1-bf50-b10cf7b674cc|Running for module name: crc64
2025/07/23 22:37:56|INFO    |1467:(script_thread)|collect_kernel_modules|ACTION_ID: f54647a1-44d2-4cb1-bf50-b10cf7b674cc|Running for module name: crc_t10dif
2025/07/23 22:37:56|INFO    |1467:(script_thread)|collect_kernel_modules|ACTION_ID: f54647a1-44d2-4cb1-bf50-b10cf7b674cc|Running for module name: crct10dif_generic
2025/07/23 22:37:56|INFO    |1467:(script_thread)|collect_kernel_modules|ACTION_ID: f54647a1-44d2-4cb1-bf50-b10cf7b674cc|Running for module name: cdrom
2025/07/23 22:37:56|INFO    |1467:(script_thread)|collect_kernel_modules|ACTION_ID: f54647a1-44d2-4cb1-bf50-b10cf7b674cc|Running for module name: usbhid
2025/07/23 22:37:56|INFO    |1467:(script_thread)|collect_kernel_modules|ACTION_ID: f54647a1-44d2-4cb1-bf50-b10cf7b674cc|Running for module name: hid
2025/07/23 22:37:56|INFO    |1467:(script_thread)|collect_kernel_modules|ACTION_ID: f54647a1-44d2-4cb1-bf50-b10cf7b674cc|Running for module name: ata_generic
2025/07/23 22:37:57|INFO    |1467:(script_thread)|collect_kernel_modules|ACTION_ID: f54647a1-44d2-4cb1-bf50-b10cf7b674cc|Running for module name: ahci
2025/07/23 22:37:57|INFO    |1467:(script_thread)|collect_kernel_modules|ACTION_ID: f54647a1-44d2-4cb1-bf50-b10cf7b674cc|Running for module name: libahci
2025/07/23 22:37:57|INFO    |1467:(script_thread)|collect_kernel_modules|ACTION_ID: f54647a1-44d2-4cb1-bf50-b10cf7b674cc|Running for module name: ata_piix
2025/07/23 22:37:57|INFO    |1467:(script_thread)|collect_kernel_modules|ACTION_ID: f54647a1-44d2-4cb1-bf50-b10cf7b674cc|Running for module name: uhci_hcd
2025/07/23 22:37:57|INFO    |1467:(script_thread)|collect_kernel_modules|ACTION_ID: f54647a1-44d2-4cb1-bf50-b10cf7b674cc|Running for module name: crct10dif_pclmul
2025/07/23 22:37:57|INFO    |1467:(script_thread)|collect_kernel_modules|ACTION_ID: f54647a1-44d2-4cb1-bf50-b10cf7b674cc|Running for module name: crct10dif_common
2025/07/23 22:37:57|INFO    |1467:(script_thread)|collect_kernel_modules|ACTION_ID: f54647a1-44d2-4cb1-bf50-b10cf7b674cc|Running for module name: ehci_hcd
2025/07/23 22:37:57|INFO    |1467:(script_thread)|collect_kernel_modules|ACTION_ID: f54647a1-44d2-4cb1-bf50-b10cf7b674cc|Running for module name: crc32_pclmul
2025/07/23 22:37:57|INFO    |1467:(script_thread)|collect_kernel_modules|ACTION_ID: f54647a1-44d2-4cb1-bf50-b10cf7b674cc|Running for module name: libata
2025/07/23 22:37:57|INFO    |1467:(script_thread)|collect_kernel_modules|ACTION_ID: f54647a1-44d2-4cb1-bf50-b10cf7b674cc|Running for module name: mptspi
2025/07/23 22:37:57|INFO    |1467:(script_thread)|collect_kernel_modules|ACTION_ID: f54647a1-44d2-4cb1-bf50-b10cf7b674cc|Running for module name: crc32c_intel
2025/07/23 22:37:57|INFO    |1467:(script_thread)|collect_kernel_modules|ACTION_ID: f54647a1-44d2-4cb1-bf50-b10cf7b674cc|Running for module name: mptscsih
2025/07/23 22:37:58|INFO    |1467:(script_thread)|collect_kernel_modules|ACTION_ID: f54647a1-44d2-4cb1-bf50-b10cf7b674cc|Running for module name: mptbase
2025/07/23 22:37:58|INFO    |1467:(script_thread)|collect_kernel_modules|ACTION_ID: f54647a1-44d2-4cb1-bf50-b10cf7b674cc|Running for module name: scsi_transport_spi
2025/07/23 22:37:58|INFO    |1467:(script_thread)|collect_kernel_modules|ACTION_ID: f54647a1-44d2-4cb1-bf50-b10cf7b674cc|Running for module name: psmouse
2025/07/23 22:37:58|INFO    |1467:(script_thread)|collect_kernel_modules|ACTION_ID: f54647a1-44d2-4cb1-bf50-b10cf7b674cc|Running for module name: usbcore
2025/07/23 22:37:58|INFO    |1467:(script_thread)|collect_kernel_modules|ACTION_ID: f54647a1-44d2-4cb1-bf50-b10cf7b674cc|Running for module name: scsi_mod
2025/07/23 22:37:58|INFO    |1467:(script_thread)|collect_kernel_modules|ACTION_ID: f54647a1-44d2-4cb1-bf50-b10cf7b674cc|Running for module name: usb_common
2025/07/23 22:37:58|INFO    |1467:(script_thread)|collect_kernel_modules|ACTION_ID: f54647a1-44d2-4cb1-bf50-b10cf7b674cc|Running for module name: e1000
2025/07/23 22:37:58|INFO    |1467:(script_thread)|collect_kernel_modules|ACTION_ID: f54647a1-44d2-4cb1-bf50-b10cf7b674cc|Running for module name: scsi_common
2025/07/23 22:37:58|INFO    |1467:(script_thread)|collect_kernel_modules|ACTION_ID: f54647a1-44d2-4cb1-bf50-b10cf7b674cc|Running for module name: i2c_piix4
